// Jest Snapshot v1, https://goo.gl/fbAQLP

exports[`Compile class file 1`] = `7`;
